MPLINK 5.09, LINKER
Linker Map File - Created Thu Mar 17 00:35:00 2022

                                 Section Info
                  Section       Type    Address   Location Size(Bytes)
                ---------  ---------  ---------  ---------  ---------
                   .org_0       code   0x000000    program   0x000004
                   .cinit    romdata   0x000004    program   0x000002
                   .org_1       code   0x000008    program   0x000074
.config_01FFF8_BUILD/DEFAULT/PRODUCTION/LAB4.O    romdata   0x01fff8    program   0x000001
.config_01FFF9_BUILD/DEFAULT/PRODUCTION/LAB4.O    romdata   0x01fff9    program   0x000001
.config_01FFFA_BUILD/DEFAULT/PRODUCTION/LAB4.O    romdata   0x01fffa    program   0x000001
.config_01FFFB_BUILD/DEFAULT/PRODUCTION/LAB4.O    romdata   0x01fffb    program   0x000001
.config_01FFFC_BUILD/DEFAULT/PRODUCTION/LAB4.O    romdata   0x01fffc    program   0x000001
.config_01FFFD_BUILD/DEFAULT/PRODUCTION/LAB4.O    romdata   0x01fffd    program   0x000001



                              Program Memory Usage 
                               Start         End      
                           ---------   ---------      
                            0x000000    0x000005      
                            0x000008    0x00007b      
                            0x01fff8    0x01fffd      
            128 out of 131072 program addresses used, program memory utilization is 0%



                              Symbols - Sorted by Name
                     Name    Address   Location    Storage File                     
                ---------  ---------  ---------  --------- ---------                
                      ISR   0x00000c    program     static C:\Lu\Microcontrollers\Lab4.X\Lab4.asm
             _.org_1_007A   0x00007a    program     static C:\Lu\Microcontrollers\Lab4.X\Lab4.asm
                   ending   0x000032    program     static C:\Lu\Microcontrollers\Lab4.X\Lab4.asm
                 intsetup   0x000048    program     static C:\Lu\Microcontrollers\Lab4.X\Lab4.asm
                  lowbyte   0x00002c    program     static C:\Lu\Microcontrollers\Lab4.X\Lab4.asm
                    start   0x000070    program     static C:\Lu\Microcontrollers\Lab4.X\Lab4.asm
                timer3isr   0x000016    program     static C:\Lu\Microcontrollers\Lab4.X\Lab4.asm



                              Symbols - Sorted by Address
                     Name    Address   Location    Storage File                     
                ---------  ---------  ---------  --------- ---------                
                      ISR   0x00000c    program     static C:\Lu\Microcontrollers\Lab4.X\Lab4.asm
                timer3isr   0x000016    program     static C:\Lu\Microcontrollers\Lab4.X\Lab4.asm
                  lowbyte   0x00002c    program     static C:\Lu\Microcontrollers\Lab4.X\Lab4.asm
                   ending   0x000032    program     static C:\Lu\Microcontrollers\Lab4.X\Lab4.asm
                 intsetup   0x000048    program     static C:\Lu\Microcontrollers\Lab4.X\Lab4.asm
                    start   0x000070    program     static C:\Lu\Microcontrollers\Lab4.X\Lab4.asm
             _.org_1_007A   0x00007a    program     static C:\Lu\Microcontrollers\Lab4.X\Lab4.asm


