MPLINK 5.09, LINKER
Linker Map File - Created Mon Jan 17 04:59:27 2022

                                 Section Info
                  Section       Type    Address   Location Size(Bytes)
                ---------  ---------  ---------  ---------  ---------
                   .org_0       code   0x000000    program   0x00001c
                   .cinit    romdata   0x00001c    program   0x000002
.config_01FFF8_BUILD/DEFAULT/PRODUCTION/TEST202    romdata   0x01fff8    program   0x000001
.config_01FFF9_BUILD/DEFAULT/PRODUCTION/TEST202    romdata   0x01fff9    program   0x000001
.config_01FFFA_BUILD/DEFAULT/PRODUCTION/TEST202    romdata   0x01fffa    program   0x000001
.config_01FFFB_BUILD/DEFAULT/PRODUCTION/TEST202    romdata   0x01fffb    program   0x000001
.config_01FFFC_BUILD/DEFAULT/PRODUCTION/TEST202    romdata   0x01fffc    program   0x000001
.config_01FFFD_BUILD/DEFAULT/PRODUCTION/TEST202    romdata   0x01fffd    program   0x000001



                              Program Memory Usage 
                               Start         End      
                           ---------   ---------      
                            0x000000    0x00001d      
                            0x01fff8    0x01fffd      
            36 out of 131072 program addresses used, program memory utilization is 0%



                              Symbols - Sorted by Name
                     Name    Address   Location    Storage File                     
                ---------  ---------  ---------  --------- ---------                
                   pbloop   0x000014    program     static C:\Lu\Microcontrollers\test2022.X\Test2022.asm
                    start   0x000008    program     static C:\Lu\Microcontrollers\test2022.X\Test2022.asm
                     sub1   0x000002    program     static C:\Lu\Microcontrollers\test2022.X\Test2022.asm



                              Symbols - Sorted by Address
                     Name    Address   Location    Storage File                     
                ---------  ---------  ---------  --------- ---------                
                     sub1   0x000002    program     static C:\Lu\Microcontrollers\test2022.X\Test2022.asm
                    start   0x000008    program     static C:\Lu\Microcontrollers\test2022.X\Test2022.asm
                   pbloop   0x000014    program     static C:\Lu\Microcontrollers\test2022.X\Test2022.asm


