MPLINK 5.09, LINKER
Linker Map File - Created Wed Mar 09 20:19:35 2022

                                 Section Info
                  Section       Type    Address   Location Size(Bytes)
                ---------  ---------  ---------  ---------  ---------
                   .org_0       code   0x000000    program   0x000026
                   .cinit    romdata   0x000026    program   0x000002
.config_01FFF8_BUILD/DEFAULT/PRODUCTION/LAB3_TI    romdata   0x01fff8    program   0x000001
.config_01FFF9_BUILD/DEFAULT/PRODUCTION/LAB3_TI    romdata   0x01fff9    program   0x000001
.config_01FFFA_BUILD/DEFAULT/PRODUCTION/LAB3_TI    romdata   0x01fffa    program   0x000001
.config_01FFFB_BUILD/DEFAULT/PRODUCTION/LAB3_TI    romdata   0x01fffb    program   0x000001
.config_01FFFC_BUILD/DEFAULT/PRODUCTION/LAB3_TI    romdata   0x01fffc    program   0x000001
.config_01FFFD_BUILD/DEFAULT/PRODUCTION/LAB3_TI    romdata   0x01fffd    program   0x000001



                              Program Memory Usage 
                               Start         End      
                           ---------   ---------      
                            0x000000    0x000027      
                            0x01fff8    0x01fffd      
            46 out of 131072 program addresses used, program memory utilization is 0%



                              Symbols - Sorted by Name
                     Name    Address   Location    Storage File                     
                ---------  ---------  ---------  --------- ---------                
                     loop   0x00001a    program     static C:\Lu\Microcontrollers\Lab3_Timer.X\Lab3_Timer.asm
                  restart   0x000016    program     static C:\Lu\Microcontrollers\Lab3_Timer.X\Lab3_Timer.asm
                 settimer   0x000004    program     static C:\Lu\Microcontrollers\Lab3_Timer.X\Lab3_Timer.asm
                    start   0x000010    program     static C:\Lu\Microcontrollers\Lab3_Timer.X\Lab3_Timer.asm



                              Symbols - Sorted by Address
                     Name    Address   Location    Storage File                     
                ---------  ---------  ---------  --------- ---------                
                 settimer   0x000004    program     static C:\Lu\Microcontrollers\Lab3_Timer.X\Lab3_Timer.asm
                    start   0x000010    program     static C:\Lu\Microcontrollers\Lab3_Timer.X\Lab3_Timer.asm
                  restart   0x000016    program     static C:\Lu\Microcontrollers\Lab3_Timer.X\Lab3_Timer.asm
                     loop   0x00001a    program     static C:\Lu\Microcontrollers\Lab3_Timer.X\Lab3_Timer.asm


